2026-03-22 13:55:14 [INFO] __main__: API 키 확인: qwK0...5Jtn
2026-03-22 13:55:23 [INFO] __main__: API 키 확인: qwK0...5Jtn
2026-03-22 13:55:27 [INFO] __main__: API 키 확인: qwK0...5Jtn
2026-03-22 13:55:29 [INFO] __main__: ============================================================
2026-03-22 13:55:29 [INFO] __main__: ⚠️  실전 매매 프로그램 시작
2026-03-22 13:55:29 [INFO] __main__: ============================================================
2026-03-22 13:55:29 [INFO] __main__: 시작 시각: 2026-03-22 13:55:29.028327
2026-03-22 13:55:29 [INFO] __main__: DRY_RUN: False
2026-03-22 13:55:29 [CRITICAL] __main__: ⚠️⚠️⚠️ 실전 모드! 실제 돈이 움직입니다! ⚠️⚠️⚠️
2026-03-22 13:55:29 [INFO] __main__: 컴포넌트 초기화 시작...
2026-03-22 13:55:29 [INFO] __main__: 바이낸스 연결 완료. 시간 오프셋: -6962ms
2026-03-22 13:55:29 [INFO] async_notifier: 알림 워커 스레드 실행 중...
2026-03-22 13:55:29 [INFO] async_notifier: 비동기 알림 워커 시작
2026-03-22 13:55:29 [INFO] __main__: 카카오톡 알림 활성화 (비동기 모드)
2026-03-22 13:55:29 [ERROR] order_executor: 잔고 조회 실패: APIError(code=-2015): Invalid API-key, IP, or permissions for action, request ip: 116.120.157.206
2026-03-22 13:55:29 [CRITICAL] __main__: 프로그램 실행 실패: 초기 잔고 조회 실패
2026-03-22 14:02:52 [INFO] __main__: API 키 확인: qwK0...5Jtn
2026-03-22 14:03:05 [INFO] __main__: ============================================================
2026-03-22 14:03:05 [INFO] __main__: ⚠️  실전 매매 프로그램 시작
2026-03-22 14:03:05 [INFO] __main__: ============================================================
2026-03-22 14:03:05 [INFO] __main__: 시작 시각: 2026-03-22 14:03:05.902987
2026-03-22 14:03:05 [INFO] __main__: DRY_RUN: False
2026-03-22 14:03:05 [CRITICAL] __main__: ⚠️⚠️⚠️ 실전 모드! 실제 돈이 움직입니다! ⚠️⚠️⚠️
2026-03-22 14:03:05 [INFO] __main__: 컴포넌트 초기화 시작...
2026-03-22 14:03:06 [INFO] __main__: 바이낸스 연결 완료. 시간 오프셋: -6942ms
2026-03-22 14:03:06 [INFO] async_notifier: 알림 워커 스레드 실행 중...
2026-03-22 14:03:06 [INFO] async_notifier: 비동기 알림 워커 시작
2026-03-22 14:03:06 [INFO] __main__: 카카오톡 알림 활성화 (비동기 모드)
2026-03-22 14:03:06 [ERROR] order_executor: 잔고 조회 실패: APIError(code=-1021): Timestamp for this request was 1000ms ahead of the server's time.
2026-03-22 14:03:06 [CRITICAL] __main__: 프로그램 실행 실패: 초기 잔고 조회 실패
2026-03-22 14:04:13 [INFO] __main__: API 키 확인: qwK0...5Jtn
2026-03-22 14:04:19 [INFO] __main__: ============================================================
2026-03-22 14:04:19 [INFO] __main__: ⚠️  실전 매매 프로그램 시작
2026-03-22 14:04:19 [INFO] __main__: ============================================================
2026-03-22 14:04:19 [INFO] __main__: 시작 시각: 2026-03-22 14:04:19.715129
2026-03-22 14:04:19 [INFO] __main__: DRY_RUN: False
2026-03-22 14:04:19 [CRITICAL] __main__: ⚠️⚠️⚠️ 실전 모드! 실제 돈이 움직입니다! ⚠️⚠️⚠️
2026-03-22 14:04:19 [INFO] __main__: 컴포넌트 초기화 시작...
2026-03-22 14:04:20 [INFO] __main__: 바이낸스 연결 완료. 시간 오프셋: -7439ms
2026-03-22 14:04:20 [INFO] async_notifier: 알림 워커 스레드 실행 중...
2026-03-22 14:04:20 [INFO] async_notifier: 비동기 알림 워커 시작
2026-03-22 14:04:20 [INFO] __main__: 카카오톡 알림 활성화 (비동기 모드)
2026-03-22 14:04:20 [ERROR] order_executor: 잔고 조회 실패: APIError(code=-1021): Timestamp for this request was 1000ms ahead of the server's time.
2026-03-22 14:04:20 [CRITICAL] __main__: 프로그램 실행 실패: 초기 잔고 조회 실패
2026-03-22 14:08:12 [INFO] __main__: API 키 확인: qwK0...5Jtn
2026-03-22 14:08:20 [INFO] __main__: ============================================================
2026-03-22 14:08:20 [INFO] __main__: ⚠️  실전 매매 프로그램 시작
2026-03-22 14:08:20 [INFO] __main__: ============================================================
2026-03-22 14:08:20 [INFO] __main__: 시작 시각: 2026-03-22 14:08:20.878002
2026-03-22 14:08:20 [INFO] __main__: DRY_RUN: False
2026-03-22 14:08:20 [CRITICAL] __main__: ⚠️⚠️⚠️ 실전 모드! 실제 돈이 움직입니다! ⚠️⚠️⚠️
2026-03-22 14:08:20 [INFO] __main__: 컴포넌트 초기화 시작...
2026-03-22 14:08:21 [INFO] __main__: 바이낸스 Futures 서버 시간 동기화. 오프셋: -8166ms
2026-03-22 14:08:21 [INFO] async_notifier: 알림 워커 스레드 실행 중...
2026-03-22 14:08:21 [INFO] async_notifier: 비동기 알림 워커 시작
2026-03-22 14:08:21 [INFO] __main__: 카카오톡 알림 활성화 (비동기 모드)
2026-03-22 14:08:21 [ERROR] order_executor: 잔고 조회 실패: APIError(code=-1021): Timestamp for this request was 1000ms ahead of the server's time.
2026-03-22 14:08:21 [CRITICAL] __main__: 프로그램 실행 실패: 초기 잔고 조회 실패
2026-03-22 14:08:39 [INFO] __main__: API 키 확인: qwK0...5Jtn
2026-03-22 14:08:44 [INFO] __main__: ============================================================
2026-03-22 14:08:44 [INFO] __main__: ⚠️  실전 매매 프로그램 시작
2026-03-22 14:08:44 [INFO] __main__: ============================================================
2026-03-22 14:08:44 [INFO] __main__: 시작 시각: 2026-03-22 14:08:44.232928
2026-03-22 14:08:44 [INFO] __main__: DRY_RUN: False
2026-03-22 14:08:44 [CRITICAL] __main__: ⚠️⚠️⚠️ 실전 모드! 실제 돈이 움직입니다! ⚠️⚠️⚠️
2026-03-22 14:08:44 [INFO] __main__: 컴포넌트 초기화 시작...
2026-03-22 14:08:44 [INFO] __main__: 바이낸스 Futures 서버 시간 동기화. 오프셋: -1255ms
2026-03-22 14:08:44 [INFO] async_notifier: 알림 워커 스레드 실행 중...
2026-03-22 14:08:44 [INFO] async_notifier: 비동기 알림 워커 시작
2026-03-22 14:08:44 [INFO] __main__: 카카오톡 알림 활성화 (비동기 모드)
2026-03-22 14:08:45 [INFO] __main__: 모든 컴포넌트 초기화 완료
2026-03-22 14:08:45 [INFO] order_executor: 레버리지 3x 설정 완료
2026-03-22 14:08:45 [INFO] live_trading_engine: 설정: 심볼=BTCUSDT, 레버리지=3x, DRY_RUN=False
2026-03-22 14:08:45 [INFO] __main__: 
💤 거래 시간 아님 (14:08)
2026-03-22 14:08:45 [INFO] __main__:    다음 거래: 2026-03-23 09:00
2026-03-22 14:08:45 [INFO] __main__:    대기 시간: 18.9시간
2026-03-22 14:08:45 [INFO] kakao_notifier: 카카오톡 메시지 전송 성공
2026-03-22 14:09:27 [WARNING] __main__: 사용자에 의해 중단됨
2026-03-22 14:09:27 [INFO] live_trading_engine: 매매 엔진 중지
2026-03-22 14:09:27 [INFO] async_notifier: 알림 워커 스레드 종료
2026-03-22 14:09:27 [INFO] async_notifier: 비동기 알림 워커 종료 (성공: 1, 실패: 0)
2026-03-22 14:09:27 [INFO] __main__: 알림 통계: 성공=1, 실패=0
2026-03-22 14:09:27 [INFO] __main__: 
============================================================
2026-03-22 14:09:27 [INFO] __main__: 프로그램 종료
2026-03-22 14:09:27 [INFO] __main__: 총 거래: 0회
2026-03-22 14:09:27 [INFO] __main__: 총 손익: $0.00
2026-03-22 14:09:27 [INFO] __main__: 승률: 0.00%
2026-03-22 14:09:27 [INFO] __main__: ============================================================
2026-04-20 19:54:46 [INFO] __main__: API 키 확인: VK8Q...kEXh
2026-04-20 19:54:46 [INFO] __main__: ============================================================
2026-04-20 19:54:46 [INFO] __main__: ⚠️  실전 매매 프로그램 시작
2026-04-20 19:54:46 [INFO] __main__: ============================================================
2026-04-20 19:54:46 [INFO] __main__: 시작 시각: 2026-04-20 19:54:46.406872
2026-04-20 19:54:46 [INFO] __main__: DRY_RUN: True
2026-04-20 19:54:46 [INFO] __main__: 컴포넌트 초기화 시작...
2026-04-20 19:54:47 [INFO] __main__: 바이낸스 Futures 서버 시간 동기화. 오프셋: -1520ms
2026-04-20 19:54:47 [INFO] async_notifier: 알림 워커 스레드 실행 중...
2026-04-20 19:54:47 [INFO] async_notifier: 비동기 알림 워커 시작
2026-04-20 19:54:47 [INFO] __main__: 카카오톡 알림 활성화 (비동기 모드)
2026-04-20 19:54:47 [WARNING] order_executor: 🧪 테스트 모드(DRY RUN): 실제 주문이 실행되지 않습니다
2026-04-20 19:54:47 [INFO] __main__: 모든 컴포넌트 초기화 완료
2026-04-20 19:54:47 [INFO] order_executor: [DRY RUN] 레버리지 3x 설정 (시뮬레이션)
2026-04-20 19:54:47 [INFO] live_trading_engine: 설정: 심볼=BTCUSDT, 레버리지=3x, DRY_RUN=True
2026-04-20 19:54:47 [INFO] __main__: 
💤 거래 시간 아님 (19:54)
2026-04-20 19:54:47 [INFO] __main__:    다음 거래: 2026-04-21 09:00
2026-04-20 19:54:47 [INFO] __main__:    대기 시간: 13.1시간
2026-04-20 19:54:47 [INFO] kakao_notifier: 카카오톡 메시지 전송 성공
2026-04-20 23:45:06 [WARNING] __main__: 사용자에 의해 중단됨
2026-04-20 23:45:06 [INFO] live_trading_engine: 매매 엔진 중지
2026-04-20 23:45:06 [INFO] async_notifier: 알림 워커 스레드 종료
2026-04-20 23:45:06 [INFO] async_notifier: 비동기 알림 워커 종료 (성공: 1, 실패: 0)
2026-04-20 23:45:06 [INFO] __main__: 알림 통계: 성공=1, 실패=0
2026-04-20 23:45:06 [INFO] __main__: 
============================================================
2026-04-20 23:45:06 [INFO] __main__: 프로그램 종료
2026-04-20 23:45:06 [INFO] __main__: 총 거래: 0회
2026-04-20 23:45:06 [INFO] __main__: 총 손익: $0.00
2026-04-20 23:45:06 [INFO] __main__: 승률: 0.00%
2026-04-20 23:45:06 [INFO] __main__: ============================================================
2026-04-29 21:31:35 [INFO] __main__: API 키 확인: VK8Q...kEXh
2026-04-29 21:31:35 [INFO] __main__: ============================================================
2026-04-29 21:31:35 [INFO] __main__: ⚠️  실전 매매 프로그램 시작
2026-04-29 21:31:35 [INFO] __main__: ============================================================
2026-04-29 21:31:35 [INFO] __main__: 시작 시각: 2026-04-29 21:31:35.049629
2026-04-29 21:31:35 [INFO] __main__: DRY_RUN: True
2026-04-29 21:31:35 [INFO] __main__: 컴포넌트 초기화 시작...
2026-04-29 21:31:36 [INFO] __main__: 바이낸스 Futures 서버 시간 동기화. 오프셋: -739ms
2026-04-29 21:31:36 [INFO] async_notifier: 알림 워커 스레드 실행 중...
2026-04-29 21:31:36 [INFO] async_notifier: 비동기 알림 워커 시작
2026-04-29 21:31:36 [INFO] __main__: 카카오톡 알림 활성화 (비동기 모드)
2026-04-29 21:31:36 [WARNING] order_executor: 🧪 테스트 모드(DRY RUN): 실제 주문이 실행되지 않습니다
2026-04-29 21:31:36 [INFO] __main__: 모든 컴포넌트 초기화 완료
2026-04-29 21:31:36 [INFO] order_executor: [DRY RUN] 레버리지 3x 설정 (시뮬레이션)
2026-04-29 21:31:36 [INFO] live_trading_engine: 설정: 심볼=BTCUSDT, 레버리지=3x, DRY_RUN=True
2026-04-29 21:31:36 [INFO] __main__: 
💤 거래 시간 아님 (21:31)
2026-04-29 21:31:36 [INFO] __main__:    다음 거래: 2026-04-30 09:00
2026-04-29 21:31:36 [INFO] __main__:    대기 시간: 11.5시간
2026-04-29 21:31:36 [WARNING] kakao_notifier: 401 Unauthorized: Access Token이 만료되었습니다. 갱신 후 재시도합니다.
2026-04-29 21:31:36 [INFO] kakao_notifier: 리프레시 토큰을 사용하여 액세스 토큰 자동 갱신 중...
2026-04-29 21:31:36 [ERROR] kakao_utils: Kakao token refresh failed: expired_or_invalid_refresh_token
2026-04-29 21:31:36 [ERROR] kakao_notifier: 토큰 갱신 요청 오류: HTTPError
2026-04-29 21:31:36 [WARNING] kakao_notifier: 리프레시 토큰 갱신 실패, 수동 갱신 필요
2026-04-29 21:31:36 [WARNING] kakao_notifier: 리프레시 토큰이 없습니다. 수동 토큰 갱신이 필요합니다.
2026-04-29 21:31:36 [ERROR] kakao_notifier: ================================================================================
2026-04-29 21:31:36 [ERROR] kakao_notifier: ⚠️ 카카오톡 액세스 토큰이 만료되었습니다!
2026-04-29 21:31:36 [ERROR] kakao_notifier: ================================================================================
2026-04-29 21:31:36 [ERROR] kakao_notifier: 🔗 토큰 재발급 URL (브라우저에서 열기):
2026-04-29 21:31:36 [ERROR] kakao_notifier:    https://kauth.kakao.com/oauth/authorize?client_id=6eee105c3dd6db17b82dddc376aef50c&redirect_uri=https://example.com/oauth&response_type=code
2026-04-29 21:31:36 [ERROR] kakao_notifier: ================================================================================
2026-04-29 21:32:41 [ERROR] kakao_utils: Kakao token exchange failed: authorization code not found for code=AMq4e1-Ddbu9BHWfaDwwXQL11O47xBukhtuAD0yDaUNoJ3fpXweLdAAAAAQKFxKWAAABndk5jOPgLMgnBn6ZSw
2026-04-29 21:32:41 [ERROR] kakao_notifier: 토큰 발급 요청 오류: HTTPError
2026-04-29 21:32:41 [INFO] kakao_notifier: 토큰 갱신 성공, 메시지 재전송 시도
2026-04-29 21:32:41 [WARNING] async_notifier: 알림 전송 실패: notify_dry_run_mode (65.50초)
2026-04-29 21:32:52 [WARNING] __main__: 사용자에 의해 중단됨
2026-04-29 21:32:52 [INFO] live_trading_engine: 매매 엔진 중지
2026-04-29 21:32:52 [INFO] async_notifier: 알림 워커 스레드 종료
2026-04-29 21:32:52 [INFO] async_notifier: 비동기 알림 워커 종료 (성공: 0, 실패: 1)
2026-04-29 21:32:52 [INFO] __main__: 알림 통계: 성공=0, 실패=1
2026-04-29 21:32:52 [INFO] __main__: 
============================================================
2026-04-29 21:32:52 [INFO] __main__: 프로그램 종료
2026-04-29 21:32:52 [INFO] __main__: 총 거래: 0회
2026-04-29 21:32:52 [INFO] __main__: 총 손익: $0.00
2026-04-29 21:32:52 [INFO] __main__: 승률: 0.00%
2026-04-29 21:32:52 [INFO] __main__: ============================================================
2026-04-29 21:32:54 [INFO] __main__: API 키 확인: VK8Q...kEXh
2026-04-29 21:32:54 [INFO] __main__: ============================================================
2026-04-29 21:32:54 [INFO] __main__: ⚠️  실전 매매 프로그램 시작
2026-04-29 21:32:54 [INFO] __main__: ============================================================
2026-04-29 21:32:54 [INFO] __main__: 시작 시각: 2026-04-29 21:32:54.992106
2026-04-29 21:32:54 [INFO] __main__: DRY_RUN: True
2026-04-29 21:32:54 [INFO] __main__: 컴포넌트 초기화 시작...
2026-04-29 21:32:55 [INFO] __main__: 바이낸스 Futures 서버 시간 동기화. 오프셋: -867ms
2026-04-29 21:32:55 [INFO] async_notifier: 알림 워커 스레드 실행 중...
2026-04-29 21:32:55 [INFO] async_notifier: 비동기 알림 워커 시작
2026-04-29 21:32:55 [INFO] __main__: 카카오톡 알림 활성화 (비동기 모드)
2026-04-29 21:32:55 [WARNING] order_executor: 🧪 테스트 모드(DRY RUN): 실제 주문이 실행되지 않습니다
2026-04-29 21:32:55 [INFO] __main__: 모든 컴포넌트 초기화 완료
2026-04-29 21:32:55 [INFO] order_executor: [DRY RUN] 레버리지 3x 설정 (시뮬레이션)
2026-04-29 21:32:55 [INFO] live_trading_engine: 설정: 심볼=BTCUSDT, 레버리지=3x, DRY_RUN=True
2026-04-29 21:32:55 [INFO] __main__: 
💤 거래 시간 아님 (21:32)
2026-04-29 21:32:55 [INFO] __main__:    다음 거래: 2026-04-30 09:00
2026-04-29 21:32:55 [INFO] __main__:    대기 시간: 11.5시간
2026-04-29 21:32:56 [INFO] kakao_notifier: 카카오톡 메시지 전송 성공
2026-04-29 21:35:04 [INFO] __main__: API 키 확인: VK8Q...kEXh
2026-04-29 21:35:04 [INFO] __main__: ============================================================
2026-04-29 21:35:04 [INFO] __main__: ⚠️  실전 매매 프로그램 시작
2026-04-29 21:35:04 [INFO] __main__: ============================================================
2026-04-29 21:35:04 [INFO] __main__: 시작 시각: 2026-04-29 21:35:04.797758
2026-04-29 21:35:04 [INFO] __main__: DRY_RUN: True
2026-04-29 21:35:04 [INFO] __main__: 컴포넌트 초기화 시작...
2026-04-29 21:35:05 [INFO] __main__: 바이낸스 Futures 서버 시간 동기화. 오프셋: -894ms
2026-04-29 21:35:05 [INFO] async_notifier: 알림 워커 스레드 실행 중...
2026-04-29 21:35:05 [INFO] async_notifier: 비동기 알림 워커 시작
2026-04-29 21:35:05 [INFO] __main__: 카카오톡 알림 활성화 (비동기 모드)
2026-04-29 21:35:05 [WARNING] order_executor: 🧪 테스트 모드(DRY RUN): 실제 주문이 실행되지 않습니다
2026-04-29 21:35:05 [INFO] __main__: 모든 컴포넌트 초기화 완료
2026-04-29 21:35:05 [INFO] order_executor: [DRY RUN] 레버리지 3x 설정 (시뮬레이션)
2026-04-29 21:35:05 [INFO] live_trading_engine: 설정: 심볼=BTCUSDT, 레버리지=3x, DRY_RUN=True
2026-04-29 21:35:05 [INFO] __main__: 
💤 거래 시간 아님 (21:35)
2026-04-29 21:35:05 [INFO] __main__:    다음 거래: 2026-04-30 09:00
2026-04-29 21:35:05 [INFO] __main__:    대기 시간: 11.4시간
2026-04-29 21:35:06 [INFO] kakao_notifier: 카카오톡 메시지 전송 성공
2026-04-29 23:18:48 [WARNING] __main__: 사용자에 의해 중단됨
2026-04-29 23:18:48 [INFO] live_trading_engine: 매매 엔진 중지
2026-04-29 23:18:48 [INFO] async_notifier: 알림 워커 스레드 종료
2026-04-29 23:18:48 [INFO] async_notifier: 비동기 알림 워커 종료 (성공: 1, 실패: 0)
2026-04-29 23:18:48 [INFO] __main__: 알림 통계: 성공=1, 실패=0
2026-04-29 23:18:48 [INFO] __main__: 
============================================================
2026-04-29 23:18:48 [INFO] __main__: 프로그램 종료
2026-04-29 23:18:48 [INFO] __main__: 총 거래: 0회
2026-04-29 23:18:48 [INFO] __main__: 총 손익: $0.00
2026-04-29 23:18:48 [INFO] __main__: 승률: 0.00%
2026-04-29 23:18:48 [INFO] __main__: ============================================================
2026-04-30 20:02:25 [INFO] __main__: API 키 확인: VK8Q...kEXh
2026-04-30 20:02:25 [INFO] __main__: ============================================================
2026-04-30 20:02:25 [INFO] __main__: ⚠️  실전 매매 프로그램 시작
2026-04-30 20:02:25 [INFO] __main__: ============================================================
2026-04-30 20:02:25 [INFO] __main__: 시작 시각: 2026-04-30 20:02:25.246560
2026-04-30 20:02:25 [INFO] __main__: DRY_RUN: True
2026-04-30 20:02:25 [INFO] __main__: 컴포넌트 초기화 시작...
2026-04-30 20:02:26 [INFO] __main__: 바이낸스 Futures 서버 시간 동기화. 오프셋: -406ms
2026-04-30 20:02:26 [INFO] async_notifier: 알림 워커 스레드 실행 중...
2026-04-30 20:02:26 [INFO] async_notifier: 비동기 알림 워커 시작
2026-04-30 20:02:26 [INFO] __main__: 카카오톡 알림 활성화 (비동기 모드)
2026-04-30 20:02:26 [WARNING] order_executor: 🧪 테스트 모드(DRY RUN): 실제 주문이 실행되지 않습니다
2026-04-30 20:02:26 [INFO] __main__: 모든 컴포넌트 초기화 완료
2026-04-30 20:02:26 [INFO] order_executor: [DRY RUN] 레버리지 3x 설정 (시뮬레이션)
2026-04-30 20:02:26 [INFO] live_trading_engine: 설정: 심볼=BTCUSDT, 레버리지=3x, DRY_RUN=True
2026-04-30 20:02:26 [INFO] __main__: 
💤 거래 시간 아님 (20:02)
2026-04-30 20:02:26 [INFO] __main__:    다음 거래: 2026-05-01 09:00
2026-04-30 20:02:26 [INFO] __main__:    대기 시간: 13.0시간
2026-04-30 20:02:26 [INFO] kakao_notifier: 카카오톡 메시지 전송 성공
2026-05-01 03:17:01 [WARNING] __main__: 사용자에 의해 중단됨
2026-05-01 03:17:01 [INFO] live_trading_engine: 매매 엔진 중지
2026-05-01 03:17:01 [INFO] async_notifier: 알림 워커 스레드 종료
2026-05-01 03:17:01 [INFO] async_notifier: 비동기 알림 워커 종료 (성공: 1, 실패: 0)
2026-05-01 03:17:01 [INFO] __main__: 알림 통계: 성공=1, 실패=0
2026-05-01 03:17:01 [INFO] __main__: 
============================================================
2026-05-01 03:17:01 [INFO] __main__: 프로그램 종료
2026-05-01 03:17:01 [INFO] __main__: 총 거래: 0회
2026-05-01 03:17:01 [INFO] __main__: 총 손익: $0.00
2026-05-01 03:17:01 [INFO] __main__: 승률: 0.00%
2026-05-01 03:17:01 [INFO] __main__: ============================================================
2026-05-01 19:22:27 [INFO] __main__: API 키 확인: VK8Q...kEXh
2026-05-01 19:22:27 [INFO] __main__: ============================================================
2026-05-01 19:22:27 [INFO] __main__: ⚠️  실전 매매 프로그램 시작
2026-05-01 19:22:27 [INFO] __main__: ============================================================
2026-05-01 19:22:27 [INFO] __main__: 시작 시각: 2026-05-01 19:22:27.808884
2026-05-01 19:22:27 [INFO] __main__: DRY_RUN: True
2026-05-01 19:22:27 [INFO] __main__: 컴포넌트 초기화 시작...
2026-05-01 19:22:28 [INFO] __main__: 바이낸스 Futures 서버 시간 동기화. 오프셋: 203ms
2026-05-01 19:22:28 [INFO] async_notifier: 알림 워커 스레드 실행 중...
2026-05-01 19:22:28 [INFO] async_notifier: 비동기 알림 워커 시작
2026-05-01 19:22:28 [INFO] __main__: 카카오톡 알림 활성화 (비동기 모드)
2026-05-01 19:22:28 [WARNING] order_executor: 🧪 테스트 모드(DRY RUN): 실제 주문이 실행되지 않습니다
2026-05-01 19:22:28 [INFO] __main__: 모든 컴포넌트 초기화 완료
2026-05-01 19:22:28 [INFO] order_executor: [DRY RUN] 레버리지 3x 설정 (시뮬레이션)
2026-05-01 19:22:28 [INFO] live_trading_engine: 설정: 심볼=BTCUSDT, 레버리지=3x, DRY_RUN=True
2026-05-01 19:22:28 [INFO] __main__: 
💤 거래 시간 아님 (19:22)
2026-05-01 19:22:28 [INFO] __main__:    다음 거래: 2026-05-02 09:00
2026-05-01 19:22:28 [INFO] __main__:    대기 시간: 13.6시간
2026-05-01 19:22:29 [WARNING] kakao_notifier: 401 Unauthorized: Access Token이 만료되었습니다. 갱신 후 재시도합니다.
2026-05-01 19:22:29 [INFO] kakao_notifier: 리프레시 토큰을 사용하여 액세스 토큰 자동 갱신 중...
2026-05-01 19:22:29 [ERROR] kakao_utils: Kakao token refresh failed: expired_or_invalid_refresh_token
2026-05-01 19:22:29 [ERROR] kakao_notifier: 토큰 갱신 요청 오류: HTTPError
2026-05-01 19:22:29 [WARNING] kakao_notifier: 리프레시 토큰 갱신 실패, 수동 갱신 필요
2026-05-01 19:22:29 [WARNING] kakao_notifier: 리프레시 토큰이 없습니다. 수동 토큰 갱신이 필요합니다.
2026-05-01 19:22:29 [ERROR] kakao_notifier: ================================================================================
2026-05-01 19:22:29 [ERROR] kakao_notifier: ⚠️ 카카오톡 액세스 토큰이 만료되었습니다!
2026-05-01 19:22:29 [ERROR] kakao_notifier: ================================================================================
2026-05-01 19:22:29 [ERROR] kakao_notifier: 🔗 토큰 재발급 URL (브라우저에서 열기):
2026-05-01 19:22:29 [ERROR] kakao_notifier:    https://kauth.kakao.com/oauth/authorize?client_id=6eee105c3dd6db17b82dddc376aef50c&redirect_uri=https://example.com/oauth&response_type=code
2026-05-01 19:22:29 [ERROR] kakao_notifier: ================================================================================
2026-05-01 19:23:55 [INFO] kakao_notifier: 리프레시 토큰도 발급되었습니다: FbTatHgz...u4fs
2026-05-01 19:23:55 [INFO] kakao_notifier: 리프레시 토큰이 저장되어 다음부터 자동 갱신됩니다.
2026-05-01 19:23:55 [INFO] kakao_utils: Updated C:\Users\1226t\Desktop\Coin\btc_live_trading\kakao_code.json
2026-05-01 19:23:55 [INFO] kakao_utils: Updated Kakao token keys in .env
2026-05-01 19:23:55 [INFO] kakao_notifier: 카카오톡 토큰 갱신 완료
2026-05-01 19:23:55 [INFO] kakao_notifier: 카카오톡 메시지 전송 성공
2026-05-01 19:23:55 [INFO] kakao_notifier: 토큰 갱신 성공, 메시지 재전송 시도
2026-05-01 19:23:55 [INFO] kakao_notifier: 카카오톡 메시지 전송 성공
2026-05-01 23:33:51 [WARNING] __main__: 사용자에 의해 중단됨
2026-05-01 23:33:51 [INFO] live_trading_engine: 매매 엔진 중지
2026-05-01 23:33:51 [INFO] async_notifier: 알림 워커 스레드 종료
2026-05-01 23:33:51 [INFO] async_notifier: 비동기 알림 워커 종료 (성공: 1, 실패: 0)
2026-05-01 23:33:51 [INFO] __main__: 알림 통계: 성공=1, 실패=0
2026-05-01 23:33:51 [INFO] __main__: 
============================================================
2026-05-01 23:33:51 [INFO] __main__: 프로그램 종료
2026-05-01 23:33:51 [INFO] __main__: 총 거래: 0회
2026-05-01 23:33:51 [INFO] __main__: 총 손익: $0.00
2026-05-01 23:33:51 [INFO] __main__: 승률: 0.00%
2026-05-01 23:33:51 [INFO] __main__: ============================================================
2026-05-01 23:37:25 [INFO] __main__: API 키 확인: VK8Q...kEXh
2026-05-01 23:37:25 [INFO] __main__: ============================================================
2026-05-01 23:37:25 [INFO] __main__: ⚠️  실전 매매 프로그램 시작
2026-05-01 23:37:25 [INFO] __main__: ============================================================
2026-05-01 23:37:25 [INFO] __main__: 시작 시각: 2026-05-01 23:37:25.197071
2026-05-01 23:37:25 [INFO] __main__: DRY_RUN: True
2026-05-01 23:37:25 [INFO] __main__: 컴포넌트 초기화 시작...
2026-05-01 23:37:27 [INFO] __main__: 바이낸스 Futures 서버 시간 동기화. 오프셋: 1021ms
2026-05-01 23:37:27 [INFO] async_notifier: 알림 워커 스레드 실행 중...
2026-05-01 23:37:27 [INFO] async_notifier: 비동기 알림 워커 시작
2026-05-01 23:37:27 [INFO] __main__: 카카오톡 알림 활성화 (비동기 모드)
2026-05-01 23:37:27 [WARNING] order_executor: 🧪 테스트 모드(DRY RUN): 실제 주문이 실행되지 않습니다
2026-05-01 23:37:27 [INFO] __main__: 모든 컴포넌트 초기화 완료
2026-05-01 23:37:27 [INFO] order_executor: [DRY RUN] 레버리지 3x 설정 (시뮬레이션)
2026-05-01 23:37:27 [INFO] live_trading_engine: 설정: 심볼=BTCUSDT, 레버리지=3x, DRY_RUN=True
2026-05-01 23:37:27 [INFO] __main__: 
💤 거래 시간 아님 (23:37)
2026-05-01 23:37:27 [INFO] __main__:    다음 거래: 2026-05-02 09:00
2026-05-01 23:37:27 [INFO] __main__:    대기 시간: 9.4시간
2026-05-01 23:37:27 [INFO] kakao_notifier: 카카오톡 메시지 전송 성공
2026-05-02 05:04:18 [WARNING] __main__: 사용자에 의해 중단됨
2026-05-02 05:04:18 [INFO] live_trading_engine: 매매 엔진 중지
2026-05-02 05:04:18 [INFO] async_notifier: 알림 워커 스레드 종료
2026-05-02 05:04:18 [INFO] async_notifier: 비동기 알림 워커 종료 (성공: 1, 실패: 0)
2026-05-02 05:04:18 [INFO] __main__: 알림 통계: 성공=1, 실패=0
2026-05-02 05:04:18 [INFO] __main__: 
============================================================
2026-05-02 05:04:18 [INFO] __main__: 프로그램 종료
2026-05-02 05:04:18 [INFO] __main__: 총 거래: 0회
2026-05-02 05:04:18 [INFO] __main__: 총 손익: $0.00
2026-05-02 05:04:18 [INFO] __main__: 승률: 0.00%
2026-05-02 05:04:18 [INFO] __main__: ============================================================
2026-05-02 14:05:10 [INFO] __main__: API 키 확인: VK8Q...kEXh
2026-05-02 14:05:10 [INFO] __main__: ============================================================
2026-05-02 14:05:10 [INFO] __main__: ⚠️  실전 매매 프로그램 시작
2026-05-02 14:05:10 [INFO] __main__: ============================================================
2026-05-02 14:05:10 [INFO] __main__: 시작 시각: 2026-05-02 14:05:10.665583
2026-05-02 14:05:10 [INFO] __main__: DRY_RUN: True
2026-05-02 14:05:10 [INFO] __main__: 컴포넌트 초기화 시작...
2026-05-02 14:05:11 [INFO] __main__: 바이낸스 Futures 서버 시간 동기화. 오프셋: -894ms
2026-05-02 14:05:11 [INFO] async_notifier: 알림 워커 스레드 실행 중...
2026-05-02 14:05:11 [INFO] async_notifier: 비동기 알림 워커 시작
2026-05-02 14:05:11 [INFO] __main__: 카카오톡 알림 활성화 (비동기 모드)
2026-05-02 14:05:11 [WARNING] order_executor: 🧪 테스트 모드(DRY RUN): 실제 주문이 실행되지 않습니다
2026-05-02 14:05:11 [INFO] __main__: 모든 컴포넌트 초기화 완료
2026-05-02 14:05:11 [INFO] order_executor: [DRY RUN] 레버리지 3x 설정 (시뮬레이션)
2026-05-02 14:05:11 [INFO] live_trading_engine: 설정: 심볼=BTCUSDT, 레버리지=3x, DRY_RUN=True
2026-05-02 14:05:11 [INFO] __main__: 
💤 거래 시간 아님 (14:05)
2026-05-02 14:05:11 [INFO] __main__:    다음 거래: 2026-05-03 09:00
2026-05-02 14:05:11 [INFO] __main__:    대기 시간: 18.9시간
2026-05-02 14:05:12 [INFO] kakao_notifier: 카카오톡 메시지 전송 성공
2026-05-03 02:38:42 [WARNING] __main__: 사용자에 의해 중단됨
2026-05-03 02:38:42 [INFO] live_trading_engine: 매매 엔진 중지
2026-05-03 02:38:42 [INFO] async_notifier: 알림 워커 스레드 종료
2026-05-03 02:38:42 [INFO] async_notifier: 비동기 알림 워커 종료 (성공: 1, 실패: 0)
2026-05-03 02:38:42 [INFO] __main__: 알림 통계: 성공=1, 실패=0
2026-05-03 02:38:42 [INFO] __main__: 
============================================================
2026-05-03 02:38:42 [INFO] __main__: 프로그램 종료
2026-05-03 02:38:42 [INFO] __main__: 총 거래: 0회
2026-05-03 02:38:42 [INFO] __main__: 총 손익: $0.00
2026-05-03 02:38:42 [INFO] __main__: 승률: 0.00%
2026-05-03 02:38:42 [INFO] __main__: ============================================================
2026-05-03 14:39:43 [INFO] __main__: API 키 확인: VK8Q...kEXh
2026-05-03 14:39:43 [INFO] __main__: ============================================================
2026-05-03 14:39:43 [INFO] __main__: ⚠️  실전 매매 프로그램 시작
2026-05-03 14:39:43 [INFO] __main__: ============================================================
2026-05-03 14:39:43 [INFO] __main__: 시작 시각: 2026-05-03 14:39:43.949602
2026-05-03 14:39:43 [INFO] __main__: DRY_RUN: True
2026-05-03 14:39:43 [INFO] __main__: 컴포넌트 초기화 시작...
2026-05-03 14:39:44 [INFO] __main__: 바이낸스 Futures 서버 시간 동기화. 오프셋: -1428ms
2026-05-03 14:39:44 [INFO] async_notifier: 알림 워커 스레드 실행 중...
2026-05-03 14:39:44 [INFO] async_notifier: 비동기 알림 워커 시작
2026-05-03 14:39:44 [INFO] __main__: 카카오톡 알림 활성화 (비동기 모드)
2026-05-03 14:39:44 [WARNING] order_executor: 🧪 테스트 모드(DRY RUN): 실제 주문이 실행되지 않습니다
2026-05-03 14:39:44 [INFO] __main__: 모든 컴포넌트 초기화 완료
2026-05-03 14:39:44 [INFO] order_executor: [DRY RUN] 레버리지 3x 설정 (시뮬레이션)
2026-05-03 14:39:44 [INFO] live_trading_engine: 설정: 심볼=BTCUSDT, 레버리지=3x, DRY_RUN=True
2026-05-03 14:39:44 [INFO] __main__: 
💤 거래 시간 아님 (14:39)
2026-05-03 14:39:44 [INFO] __main__:    다음 거래: 2026-05-04 09:00
2026-05-03 14:39:44 [INFO] __main__:    대기 시간: 18.3시간
2026-05-03 14:39:45 [WARNING] kakao_notifier: 401 Unauthorized: Access Token이 만료되었습니다. 갱신 후 재시도합니다.
2026-05-03 14:39:45 [INFO] kakao_notifier: 리프레시 토큰을 사용하여 액세스 토큰 자동 갱신 중...
2026-05-03 14:39:45 [ERROR] kakao_utils: Kakao token refresh failed: expired_or_invalid_refresh_token
2026-05-03 14:39:45 [ERROR] kakao_notifier: 토큰 갱신 요청 오류: HTTPError
2026-05-03 14:39:45 [WARNING] kakao_notifier: 리프레시 토큰 갱신 실패, 수동 갱신 필요
2026-05-03 14:39:45 [WARNING] kakao_notifier: 리프레시 토큰이 없습니다. 수동 토큰 갱신이 필요합니다.
2026-05-03 14:39:45 [ERROR] kakao_notifier: ================================================================================
2026-05-03 14:39:45 [ERROR] kakao_notifier: ⚠️ 카카오톡 액세스 토큰이 만료되었습니다!
2026-05-03 14:39:45 [ERROR] kakao_notifier: ================================================================================
2026-05-03 14:39:45 [ERROR] kakao_notifier: 🔗 토큰 재발급 URL (브라우저에서 열기):
2026-05-03 14:39:45 [ERROR] kakao_notifier:    https://kauth.kakao.com/oauth/authorize?client_id=6eee105c3dd6db17b82dddc376aef50c&redirect_uri=https://example.com/oauth&response_type=code
2026-05-03 14:39:45 [ERROR] kakao_notifier: ================================================================================
2026-05-03 14:39:51 [WARNING] __main__: 사용자에 의해 중단됨
2026-05-03 14:39:51 [ERROR] kakao_notifier: 토큰 갱신 중 오류: EOFError
2026-05-03 14:39:51 [INFO] live_trading_engine: 매매 엔진 중지
2026-05-03 14:39:51 [INFO] kakao_notifier: 토큰 갱신 성공, 메시지 재전송 시도
2026-05-03 14:39:51 [WARNING] async_notifier: 알림 전송 실패: notify_dry_run_mode (6.53초)
2026-05-03 14:39:51 [INFO] async_notifier: 알림 워커 스레드 종료
2026-05-03 14:39:51 [INFO] async_notifier: 비동기 알림 워커 종료 (성공: 0, 실패: 1)
2026-05-03 14:39:51 [INFO] __main__: 알림 통계: 성공=0, 실패=1
2026-05-03 14:39:51 [INFO] __main__: 
============================================================
2026-05-03 14:39:51 [INFO] __main__: 프로그램 종료
2026-05-03 14:39:51 [INFO] __main__: 총 거래: 0회
2026-05-03 14:39:51 [INFO] __main__: 총 손익: $0.00
2026-05-03 14:39:51 [INFO] __main__: 승률: 0.00%
2026-05-03 14:39:51 [INFO] __main__: ============================================================
2026-05-03 14:40:51 [INFO] __main__: API 키 확인: VK8Q...kEXh
2026-05-03 14:40:51 [INFO] __main__: ============================================================
2026-05-03 14:40:51 [INFO] __main__: ⚠️  실전 매매 프로그램 시작
2026-05-03 14:40:51 [INFO] __main__: ============================================================
2026-05-03 14:40:51 [INFO] __main__: 시작 시각: 2026-05-03 14:40:51.398604
2026-05-03 14:40:51 [INFO] __main__: DRY_RUN: True
2026-05-03 14:40:51 [INFO] __main__: 컴포넌트 초기화 시작...
2026-05-03 14:40:52 [INFO] __main__: 바이낸스 Futures 서버 시간 동기화. 오프셋: -1425ms
2026-05-03 14:40:52 [INFO] async_notifier: 알림 워커 스레드 실행 중...
2026-05-03 14:40:52 [INFO] async_notifier: 비동기 알림 워커 시작
2026-05-03 14:40:52 [INFO] __main__: 카카오톡 알림 활성화 (비동기 모드)
2026-05-03 14:40:52 [WARNING] order_executor: 🧪 테스트 모드(DRY RUN): 실제 주문이 실행되지 않습니다
2026-05-03 14:40:52 [INFO] __main__: 모든 컴포넌트 초기화 완료
2026-05-03 14:40:52 [INFO] order_executor: [DRY RUN] 레버리지 3x 설정 (시뮬레이션)
2026-05-03 14:40:52 [INFO] live_trading_engine: 설정: 심볼=BTCUSDT, 레버리지=3x, DRY_RUN=True
2026-05-03 14:40:52 [INFO] __main__: 
💤 거래 시간 아님 (14:40)
2026-05-03 14:40:52 [INFO] __main__:    다음 거래: 2026-05-04 09:00
2026-05-03 14:40:52 [INFO] __main__:    대기 시간: 18.3시간
2026-05-03 14:40:52 [WARNING] kakao_notifier: 401 Unauthorized: Access Token이 만료되었습니다. 갱신 후 재시도합니다.
2026-05-03 14:40:52 [INFO] kakao_notifier: 리프레시 토큰을 사용하여 액세스 토큰 자동 갱신 중...
2026-05-03 14:40:53 [ERROR] kakao_utils: Kakao token refresh failed: expired_or_invalid_refresh_token
2026-05-03 14:40:53 [ERROR] kakao_notifier: 토큰 갱신 요청 오류: HTTPError
2026-05-03 14:40:53 [WARNING] kakao_notifier: 리프레시 토큰 갱신 실패, 수동 갱신 필요
2026-05-03 14:40:53 [WARNING] kakao_notifier: 리프레시 토큰이 없습니다. 수동 토큰 갱신이 필요합니다.
2026-05-03 14:40:53 [ERROR] kakao_notifier: ================================================================================
2026-05-03 14:40:53 [ERROR] kakao_notifier: ⚠️ 카카오톡 액세스 토큰이 만료되었습니다!
2026-05-03 14:40:53 [ERROR] kakao_notifier: ================================================================================
2026-05-03 14:40:53 [ERROR] kakao_notifier: 🔗 토큰 재발급 URL (브라우저에서 열기):
2026-05-03 14:40:53 [ERROR] kakao_notifier:    https://kauth.kakao.com/oauth/authorize?client_id=6eee105c3dd6db17b82dddc376aef50c&redirect_uri=https://example.com/oauth&response_type=code
2026-05-03 14:40:53 [ERROR] kakao_notifier: ================================================================================
2026-05-03 14:41:47 [INFO] kakao_notifier: 리프레시 토큰도 발급되었습니다: zsHEPTxh...u4fs
2026-05-03 14:41:47 [INFO] kakao_notifier: 리프레시 토큰이 저장되어 다음부터 자동 갱신됩니다.
2026-05-03 14:41:47 [INFO] kakao_utils: Updated C:\Users\1226t\Desktop\Coin\btc_live_trading\kakao_code.json
2026-05-03 14:41:47 [INFO] kakao_utils: Updated Kakao token keys in .env
2026-05-03 14:41:47 [INFO] kakao_notifier: 카카오톡 토큰 갱신 완료
2026-05-03 14:41:48 [INFO] kakao_notifier: 카카오톡 메시지 전송 성공
2026-05-03 14:41:48 [INFO] kakao_notifier: 토큰 갱신 성공, 메시지 재전송 시도
2026-05-03 14:41:48 [INFO] kakao_notifier: 카카오톡 메시지 전송 성공
